fr\onsiea\ludart\common\modules\schema\instanced\ModulePositionedSchema.class
fr\onsiea\ludart\common\modules\nodes\Components$BatchPosition$CommonInitializer.class
fr\onsiea\ludart\common\modules\nodes\NodeComponents$ValueGet.class
fr\onsiea\ludart\common\modules\nodes\NodeComponents$Add.class
fr\onsiea\ludart\common\modules\nodes\NodeComponents.class
fr\onsiea\ludart\common\modules\schema\ModulesSchemas.class
fr\onsiea\ludart\common\modules\nodes\Components$Each.class
fr\onsiea\ludart\common\modules\nodes\NodeComponents$IAddRelative.class
fr\onsiea\ludart\common\modules\nodes\NodeComponents$Get$3.class
fr\onsiea\ludart\common\modules\schema\instanced\ModulesPositionedSchemas$ByNodes.class
fr\onsiea\ludart\common\modules\settings\ModuleSettings$Builder.class
fr\onsiea\ludart\common\modules\nodes\Components$Get$1.class
fr\onsiea\ludart\common\registries\Registries.class
fr\onsiea\ludart\common\modules\nodes\NodeComponents$IBatchPosition.class
fr\onsiea\ludart\common\modules\nodes\Components$IAddPosition.class
fr\onsiea\ludart\common\modules\nodes\Components$BatchRelative.class
fr\onsiea\ludart\common\modules\nodes\Components$Customizable.class
fr\onsiea\ludart\common\modules\schema\ModuleSchema.class
fr\onsiea\ludart\common\modules\nodes\Components$Get$3.class
fr\onsiea\ludart\common\modules\nodes\Components$IValueGet.class
fr\onsiea\ludart\common\modules\nodes\NodeComponents$IComponent.class
fr\onsiea\ludart\common\modules\nodes\Components$IComponent.class
fr\onsiea\ludart\common\modules\nodes\Node.class
fr\onsiea\ludart\common\modules\nodes\NodeComponents$MiddleGet.class
module-info.class
fr\onsiea\ludart\common\modules\LudartCommon$1.class
fr\onsiea\ludart\common\modules\nodes\NodeComponents$Get$1.class
fr\onsiea\ludart\common\modules\nodes\NodeComponents$BatchRelative.class
fr\onsiea\ludart\common\modules\nodes\NodeComponents$BatchRelative$CommonInitializer.class
fr\onsiea\ludart\common\modules\LudartCommon.class
fr\onsiea\ludart\common\modules\nodes\Components$IBatchRelative.class
fr\onsiea\ludart\common\modules\nodes\NodeComponents$BatchPosition.class
fr\onsiea\ludart\common\Framework$Builder.class
fr\onsiea\ludart\common\modules\EnumPlacement.class
fr\onsiea\ludart\common\modules\nodes\Components$Get$2.class
fr\onsiea\ludart\common\modules\stack\StackRelativizable.class
fr\onsiea\ludart\common\modules\nodes\Components$IBatchPosition.class
fr\onsiea\ludart\common\modules\nodes\NodeComponents$BatchPosition$CommonInitializer.class
fr\onsiea\ludart\common\modules\nodes\Components$IBatchRelativeCommonInitializer.class
fr\onsiea\ludart\common\modules\nodes\NodeComponents$IAddPosition.class
fr\onsiea\ludart\common\modules\nodes\NodeComponents$Get$2.class
fr\onsiea\ludart\common\modules\nodes\Components$IBatch.class
fr\onsiea\ludart\common\registries\manager\RegistriesManager.class
fr\onsiea\ludart\common\modules\nodes\Components$IBatchCommonInitializer.class
fr\onsiea\ludart\common\ModulesManager.class
fr\onsiea\ludart\common\modules\nodes\NodeComponents$ExtremumGet.class
fr\onsiea\ludart\common\modules\IModule.class
fr\onsiea\ludart\common\modules\nodes\Components$BatchPosition.class
fr\onsiea\ludart\common\modules\nodes\NodeComponents$IAdd.class
fr\onsiea\ludart\common\modules\nodes\Components$Add.class
fr\onsiea\ludart\common\modules\nodes\Components$Remove.class
fr\onsiea\ludart\common\modules\nodes\NodeComponents$IBatch.class
fr\onsiea\ludart\common\modules\EnumPosition.class
fr\onsiea\ludart\common\modules\nodes\Components$ValueGet.class
fr\onsiea\ludart\common\modules\nodes\NodeComponents$IBatchPositionCommonInitializer.class
fr\onsiea\ludart\common\modules\schema\instanced\ModulesPositionedSchemas.class
fr\onsiea\ludart\common\modules\nodes\NodeComponents$Customizable.class
fr\onsiea\ludart\common\modules\nodes\NodeComponents$Batch$CommonInitializer.class
fr\onsiea\ludart\common\modules\stack\StackRelativizable$1.class
fr\onsiea\ludart\common\modules\nodes\Components.class
fr\onsiea\ludart\common\modules\nodes\NodeComponents$IValueGet.class
fr\onsiea\ludart\common\registry\Registry.class
fr\onsiea\ludart\common\modules\nodes\Components$Get.class
fr\onsiea\ludart\common\modules\nodes\Components$AddRelative.class
fr\onsiea\ludart\common\modules\schema\AtomicCounter.class
fr\onsiea\ludart\common\modules\settings\ModuleSettings.class
fr\onsiea\ludart\common\modules\nodes\Components$IAddRelative.class
fr\onsiea\ludart\common\modules\nodes\NodeComponents$Batch.class
fr\onsiea\ludart\common\modules\nodes\Components$Batch$CommonInitializer.class
fr\onsiea\ludart\common\modules\IParentModule.class
fr\onsiea\ludart\common\modules\nodes\Nodes.class
fr\onsiea\ludart\common\modules\nodes\Components$Batch.class
fr\onsiea\ludart\common\Framework$1.class
fr\onsiea\ludart\common\modules\nodes\Components$IBatchPositionCommonInitializer.class
fr\onsiea\ludart\common\Framework.class
fr\onsiea\ludart\common\modules\schema\ModulesSchemas$Builder.class
fr\onsiea\ludart\common\modules\schema\instanced\ModulesSchemasOrderSorter.class
fr\onsiea\ludart\common\registry\FunctionsFlux.class
fr\onsiea\ludart\common\modules\nodes\Components$IAdd.class
fr\onsiea\ludart\common\modules\nodes\NodeComponents$IBatchCommonInitializer.class
fr\onsiea\ludart\common\modules\nodes\NodeComponents$Place.class
fr\onsiea\ludart\common\modules\nodes\NodeComponents$IBatchRelative.class
fr\onsiea\ludart\common\modules\processor\LudartModule.class
fr\onsiea\ludart\common\MapBatch.class
fr\onsiea\ludart\common\modules\nodes\Components$IGet.class
fr\onsiea\ludart\common\modules\nodes\Components$PositionGet.class
fr\onsiea\ludart\common\modules\nodes\NodeComponents$IGet.class
fr\onsiea\ludart\common\modules\schema\ModulesSchemas$ByNodes.class
fr\onsiea\ludart\common\modules\nodes\NodeComponents$IRemove.class
fr\onsiea\ludart\common\modules\nodes\NodeComponents$Get.class
fr\onsiea\ludart\common\modules\nodes\Components$BatchRelative$CommonInitializer.class
fr\onsiea\ludart\common\modules\EnumPriority.class
fr\onsiea\ludart\common\modules\nodes\NodeComponents$Each.class
fr\onsiea\ludart\common\modules\nodes\Components$IRemove.class
fr\onsiea\ludart\common\modules\nodes\NodeComponents$IBatchRelativeCommonInitializer.class
fr\onsiea\ludart\common\modules\nodes\NodeComponents$Remove.class
fr\onsiea\ludart\common\modules\ModuleBase.class
