P:\Java\ide\intellij\onsiea\game\Ludart\LudartCommon\src\main\java\fr\onsiea\ludart\common\modules\schema\ModulesSchemas.java
P:\Java\ide\intellij\onsiea\game\Ludart\LudartCommon\src\main\java\fr\onsiea\ludart\common\modules\schema\ModuleSchema.java
P:\Java\ide\intellij\onsiea\game\Ludart\LudartCommon\src\main\java\fr\onsiea\ludart\common\registries\manager\RegistriesManager.java
P:\Java\ide\intellij\onsiea\game\Ludart\LudartCommon\src\main\java\fr\onsiea\ludart\common\registries\Registries.java
P:\Java\ide\intellij\onsiea\game\Ludart\LudartCommon\src\main\java\fr\onsiea\ludart\common\modules\IModule.java
P:\Java\ide\intellij\onsiea\game\Ludart\LudartCommon\src\main\java\fr\onsiea\ludart\common\Framework.java
P:\Java\ide\intellij\onsiea\game\Ludart\LudartCommon\src\main\java\fr\onsiea\ludart\common\modules\schema\AtomicCounter.java
P:\Java\ide\intellij\onsiea\game\Ludart\LudartCommon\src\main\java\fr\onsiea\ludart\common\modules\stack\StackRelativizable.java
P:\Java\ide\intellij\onsiea\game\Ludart\LudartCommon\src\main\java\fr\onsiea\ludart\common\modules\nodes\Components.java
P:\Java\ide\intellij\onsiea\game\Ludart\LudartCommon\src\main\java\fr\onsiea\ludart\common\modules\processor\LudartModule.java
P:\Java\ide\intellij\onsiea\game\Ludart\LudartCommon\src\main\java\fr\onsiea\ludart\common\modules\schema\instanced\ModulesPositionedSchemas.java
P:\Java\ide\intellij\onsiea\game\Ludart\LudartCommon\src\main\java\fr\onsiea\ludart\common\registry\FunctionsFlux.java
P:\Java\ide\intellij\onsiea\game\Ludart\LudartCommon\src\main\java\fr\onsiea\ludart\common\modules\nodes\NodeComponents.java
P:\Java\ide\intellij\onsiea\game\Ludart\LudartCommon\src\main\java\fr\onsiea\ludart\common\ModulesManager.java
P:\Java\ide\intellij\onsiea\game\Ludart\LudartCommon\src\main\java\fr\onsiea\ludart\common\modules\EnumPosition.java
P:\Java\ide\intellij\onsiea\game\Ludart\LudartCommon\src\main\java\fr\onsiea\ludart\common\modules\IParentModule.java
P:\Java\ide\intellij\onsiea\game\Ludart\LudartCommon\src\main\java\fr\onsiea\ludart\common\modules\EnumPriority.java
P:\Java\ide\intellij\onsiea\game\Ludart\LudartCommon\src\main\java\fr\onsiea\ludart\common\modules\nodes\Nodes.java
P:\Java\ide\intellij\onsiea\game\Ludart\LudartCommon\src\main\java\fr\onsiea\ludart\common\modules\settings\ModuleSettings.java
P:\Java\ide\intellij\onsiea\game\Ludart\LudartCommon\src\main\java\module-info.java
P:\Java\ide\intellij\onsiea\game\Ludart\LudartCommon\src\main\java\fr\onsiea\ludart\common\modules\schema\instanced\ModulesSchemasOrderSorter.java
P:\Java\ide\intellij\onsiea\game\Ludart\LudartCommon\src\main\java\fr\onsiea\ludart\common\modules\nodes\Node.java
P:\Java\ide\intellij\onsiea\game\Ludart\LudartCommon\src\main\java\fr\onsiea\ludart\common\modules\LudartCommon.java
P:\Java\ide\intellij\onsiea\game\Ludart\LudartCommon\src\main\java\fr\onsiea\ludart\common\modules\ModuleBase.java
P:\Java\ide\intellij\onsiea\game\Ludart\LudartCommon\src\main\java\fr\onsiea\ludart\common\modules\schema\instanced\ModulePositionedSchema.java
P:\Java\ide\intellij\onsiea\game\Ludart\LudartCommon\src\main\java\fr\onsiea\ludart\common\modules\EnumPlacement.java
P:\Java\ide\intellij\onsiea\game\Ludart\LudartCommon\src\main\java\fr\onsiea\ludart\common\MapBatch.java
P:\Java\ide\intellij\onsiea\game\Ludart\LudartCommon\src\main\java\fr\onsiea\ludart\common\registry\Registry.java
